

Working Directory = /afs/ece.cmu.edu/usr/sbhasuth/gcd_gpdk/syn_another_design/WORK
QoS Summary for comp_pulse_another_design
==========================================================================================
Metric                          generic         map             syn_opt         final          
==========================================================================================
Slack (ps):                       inf             inf             inf             inf
  R2R (ps):                  no_value        no_value        no_value        no_value
  I2R (ps):                  no_value        no_value        no_value        no_value
  R2O (ps):                  no_value        no_value        no_value        no_value
  I2O (ps):                  no_value        no_value        no_value        no_value
  CG  (ps):                  no_value        no_value        no_value        no_value
TNS (ps):                           0               0               0               0
  R2R (ps):                  no_value        no_value        no_value        no_value
  I2R (ps):                  no_value        no_value        no_value        no_value
  R2O (ps):                  no_value        no_value        no_value        no_value
  I2O (ps):                  no_value        no_value        no_value        no_value
  CG  (ps):                  no_value        no_value        no_value        no_value
Failing Paths:                      0               0               0               0
Cell Area:                        189              67              67              67
Total Cell Area:                  189              67              67              67
Leaf Instances:                    62              32              32              32
Total Instances:                   62              32              32              32
Utilization (%):                 0.00            0.00            0.00            0.00
Tot. Net Length (um):        no_value        no_value        no_value        no_value
Avg. Net Length (um):        no_value        no_value        no_value        no_value
Route Overflow H (%):        no_value        no_value        no_value        no_value
Route Overflow V (%):        no_value        no_value        no_value        no_value
MBCI(%) (bits/gate) :            0.00            0.00            0.00            0.00
Norm Cong Hotspot Area:
  Max Cong:                  no_value        no_value        no_value        no_value
  Tot Cong:                  no_value        no_value        no_value        no_value
==========================================================================================
CPU  Runtime (h:m:s):        00:00:09        00:00:02        00:00:00        00:00:01
Real Runtime (h:m:s):        00:00:09        00:00:02        00:00:01        00:00:00
CPU  Elapsed (h:m:s):        00:00:15        00:00:17        00:00:17        00:00:18
Real Elapsed (h:m:s):        00:00:11        00:00:13        00:00:14        00:00:14
Memory (MB):                   731.73          732.19          727.19          727.19
==========================================================================================
==========================================================================================
Flow Settings:
==========================================================================================
Total Runtime (h:m:s): 00:00:13
Total Memory (MB):     727.19
Executable Version:    18.14-s037_1
==========================================================================================
Total Cell Area =  Cell Area + Physical Cell Area
Total Instances =  Leaf Instances + Physical Instances


